


ARM Macro Assembler    Page 1 


    1 00000000         ; Print.s
    2 00000000         ; Student names: change this to your names or look very 
                       silly
    3 00000000         ; Last modification date: change this to the last modifi
                       cation date or look very silly
    4 00000000         ; Runs on LM4F120 or TM4C123
    5 00000000         ; EE319K lab 7 device driver for any LCD
    6 00000000         ;
    7 00000000         ; As part of Lab 7, students need to implement these LCD
                       _OutDec and LCD_OutFix
    8 00000000         ; This driver assumes two low-level LCD functions
    9 00000000         ; ST7735_OutChar   outputs a single 8-bit ASCII characte
                       r
   10 00000000         ; ST7735_OutString outputs a null-terminated string 
   11 00000000 00000000 
                       Digit0  EQU              0
   12 00000000 00000004 
                       Digit1  EQU              4
   13 00000000 00000008 
                       Digit2  EQU              8
   14 00000000 0000000C 
                       Digit3  EQU              12
   15 00000000 00000010 
                       Digit4  EQU              16
   16 00000000 00000014 
                       Digit5  EQU              20
   17 00000000 00000018 
                       Digit6  EQU              24
   18 00000000 0000001C 
                       Digit7  EQU              28
   19 00000000 00000020 
                       Digit8  EQU              32
   20 00000000 00000024 
                       Digit9  EQU              36
   21 00000000                 IMPORT           ST7735_OutChar
   22 00000000                 IMPORT           ST7735_OutString
   23 00000000                 EXPORT           LCD_OutDec
   24 00000000                 EXPORT           LCD_OutFix
   25 00000000         
   26 00000000                 AREA             |.text|, CODE, READONLY, ALIGN=
2
   27 00000000                 THUMB
   28 00000000         
   29 00000000         ;-----------------------LCD_OutDec----------------------
                       -
   30 00000000         ; Output a 32-bit number in unsigned decimal format
   31 00000000         ; Input: R0 (call by value) 32-bit unsigned number
   32 00000000         ; Output: none
   33 00000000         ; Invariables: This function must not permanently modify
                        registers R4 to R11
   34 00000000         LCD_OutDec
   35 00000000 E92D 4FF8       PUSH             {R3-R11, LR} ;
   36 00000004 F04F 020A       MOV              R2, #10     ;
   37 00000008 F04F 0400       MOV              R4, #0      ;
   38 0000000C         
   39 0000000C B08A            SUB              SP, SP, #40 ;
   40 0000000E         
   41 0000000E FBB0 F3F2       UDIV             R3, R0, R2  ;
   42 00000012 FB03 F102       MUL              R1, R3, R2  ;



ARM Macro Assembler    Page 2 


   43 00000016 EBA0 0101       SUB              R1, R0, R1  ;;
   44 0000001A 9100            STR              R1, [SP, #Digit0] ;
   45 0000001C F104 0401       ADD              R4, R4, #1  ;Counter for digits
                                                             in stack
   46 00000020 4618            MOV              R0, R3      ;
   47 00000022 2800            CMP              R0, #0      ;
   48 00000024 D06B            BEQ              popdata     ;
   49 00000026         
   50 00000026 FBB0 F3F2       UDIV             R3, R0, R2  ;
   51 0000002A FB03 F102       MUL              R1, R3, R2  ;
   52 0000002E EBA0 0101       SUB              R1, R0, R1  ;
   53 00000032 9101            STR              R1, [SP, #Digit1] ;
   54 00000034 F104 0401       ADD              R4, R4, #1  ;
   55 00000038 4618            MOV              R0, R3      ;
   56 0000003A 2800            CMP              R0, #0      ;
   57 0000003C D05F            BEQ              popdata
   58 0000003E         
   59 0000003E FBB0 F3F2       UDIV             R3, R0, R2  ;
   60 00000042 FB03 F102       MUL              R1, R3, R2  ;
   61 00000046 EBA0 0101       SUB              R1, R0, R1  ;
   62 0000004A 9102            STR              R1, [SP, #Digit2] ;
   63 0000004C F104 0401       ADD              R4, R4, #1  ;
   64 00000050 4618            MOV              R0, R3      ;
   65 00000052 2800            CMP              R0, #0      ;
   66 00000054 D053            BEQ              popdata
   67 00000056         
   68 00000056 FBB0 F3F2       UDIV             R3, R0, R2  ;
   69 0000005A FB03 F102       MUL              R1, R3, R2  ;
   70 0000005E EBA0 0101       SUB              R1, R0, R1  ;
   71 00000062 9103            STR              R1, [SP, #Digit3] ;
   72 00000064 F104 0401       ADD              R4, R4, #1  ;
   73 00000068 4618            MOV              R0, R3      ;
   74 0000006A 2800            CMP              R0, #0      ;
   75 0000006C D047            BEQ              popdata
   76 0000006E         
   77 0000006E FBB0 F3F2       UDIV             R3, R0, R2  ;
   78 00000072 FB03 F102       MUL              R1, R3, R2  ;
   79 00000076 EBA0 0101       SUB              R1, R0, R1  ;
   80 0000007A 9104            STR              R1, [SP, #Digit4] ;
   81 0000007C F104 0401       ADD              R4, R4, #1  ;
   82 00000080 4618            MOV              R0, R3      ;
   83 00000082 2800            CMP              R0, #0      ;
   84 00000084 D03B            BEQ              popdata
   85 00000086         
   86 00000086 FBB0 F3F2       UDIV             R3, R0, R2  ;
   87 0000008A FB03 F102       MUL              R1, R3, R2  ;
   88 0000008E EBA0 0101       SUB              R1, R0, R1  ;
   89 00000092 9105            STR              R1, [SP, #Digit5] ;
   90 00000094 F104 0401       ADD              R4, R4, #1  ;
   91 00000098 4618            MOV              R0, R3      ;
   92 0000009A 2800            CMP              R0, #0      ;
   93 0000009C D02F            BEQ              popdata
   94 0000009E         
   95 0000009E FBB0 F3F2       UDIV             R3, R0, R2  ;
   96 000000A2 FB03 F102       MUL              R1, R3, R2  ;
   97 000000A6 EBA0 0101       SUB              R1, R0, R1  ;
   98 000000AA 9106            STR              R1, [SP, #Digit6] ;
   99 000000AC F104 0401       ADD              R4, R4, #1  ;
  100 000000B0 4618            MOV              R0, R3      ;



ARM Macro Assembler    Page 3 


  101 000000B2 2800            CMP              R0, #0      ;
  102 000000B4 D023            BEQ              popdata
  103 000000B6         
  104 000000B6 FBB0 F3F2       UDIV             R3, R0, R2  ;
  105 000000BA FB03 F102       MUL              R1, R3, R2  ;
  106 000000BE EBA0 0101       SUB              R1, R0, R1  ;
  107 000000C2 9107            STR              R1, [SP, #Digit7] ;
  108 000000C4 F104 0401       ADD              R4, R4, #1  ;
  109 000000C8 4618            MOV              R0, R3      ;
  110 000000CA 2800            CMP              R0, #0      ; 
  111 000000CC D017            BEQ              popdata
  112 000000CE         
  113 000000CE FBB0 F3F2       UDIV             R3, R0, R2  ;
  114 000000D2 FB03 F102       MUL              R1, R3, R2  ;
  115 000000D6 EBA0 0101       SUB              R1, R0, R1  ;
  116 000000DA 9108            STR              R1, [SP, #Digit8] ;
  117 000000DC F104 0401       ADD              R4, R4, #1  ;
  118 000000E0 4618            MOV              R0, R3      ;
  119 000000E2 2800            CMP              R0, #0      ;
  120 000000E4 D00B            BEQ              popdata
  121 000000E6         
  122 000000E6 FBB0 F3F2       UDIV             R3, R0, R2  ;
  123 000000EA FB03 F102       MUL              R1, R3, R2  ;
  124 000000EE EBA0 0101       SUB              R1, R0, R1  ;
  125 000000F2 9109            STR              R1, [SP, #Digit9] ;
  126 000000F4 F104 0401       ADD              R4, R4, #1  ;
  127 000000F8 4618            MOV              R0, R3      ;
  128 000000FA 2800            CMP              R0, #0      ;
  129 000000FC D0FF            BEQ              popdata
  130 000000FE         
  131 000000FE         popdata
  132 000000FE F1A4 0601       SUB              R6, R4, #1  ;
  133 00000102         startpopdec
  134 00000102 F04F 0504       MOV              R5, #4      ;
  135 00000106 FB06 F505       MUL              R5, R6, R5  ; 
  136 0000010A F85D 0005       LDR              R0, [SP, R5] ; 
  137 0000010E F100 0030       ADD              R0, R0, #0x30 ;
  138 00000112 F7FF FFFE       BL               ST7735_OutChar ;
  139 00000116 F1A6 0601       SUB              R6, R6, #1  ;
  140 0000011A F1A4 0401       SUB              R4, R4 , #1 ;
  141 0000011E 2C00            CMP              R4, #0      ; 
  142 00000120 D1EF            BNE              startpopdec ; 
  143 00000122         
  144 00000122         
  145 00000122         return
  146 00000122 B00A            ADD              SP, SP, #40 ;
  147 00000124 E8BD 4FF8       POP              {R3-R11, LR} ;
  148 00000128         
  149 00000128         
  150 00000128         
  151 00000128         ;; --UUU-- Complete this (copy from Lab7-8)
  152 00000128 4770            BX               LR
  153 0000012A         ;* * * * * * * * End of LCD_OutDec * * * * * * * *
  154 0000012A         
  155 0000012A         ; -----------------------LCD _OutFix--------------------
                       --
  156 0000012A         ; Output characters to LCD display in fixed-point format
                       
  157 0000012A         ; unsigned decimal, resolution 0.001, range 0.000 to 9.9



ARM Macro Assembler    Page 4 


                       99
  158 0000012A         ; Inputs:  R0 is an unsigned 32-bit number
  159 0000012A         ; Outputs: none
  160 0000012A         ; E.g., R0=0,    then output "0.000 "
  161 0000012A         ;       R0=3,    then output "0.003 "
  162 0000012A         ;       R0=89,   then output "0.089 "
  163 0000012A         ;       R0=123,  then output "0.123 "
  164 0000012A         ;       R0=9999, then output "9.999 "
  165 0000012A         ;       R0>9999, then output "*.*** "
  166 0000012A         ; Invariables: This function must not permanently modify
                        registers R4 to R11
  167 0000012A         LCD_OutFix
  168 0000012A         ;; --UUU-- Complete this (copy from Lab7-8)
  169 0000012A E92D 4FF8       PUSH             {R3-R11, LR}
  170 0000012E F04F 0564       MOV              R5, #100    ; 
  171 00000132 F04F 0400       MOV              R4, #0      ;
  172 00000136         
  173 00000136 B084            SUB              SP, SP, #16 ; 
  174 00000138 4604            MOV              R4, R0      ;
  175 0000013A FBB4 F4F5       UDIV             R4, R4, R5  ;
  176 0000013E 2C09            CMP              R4, #9      ;
  177 00000140 DC30            BGT              error
  178 00000142         
  179 00000142 F04F 020A       MOV              R2, #10     ; 
  180 00000146 FBB0 F3F2       UDIV             R3, R0, R2  ;
  181 0000014A FB03 F102       MUL              R1, R3, R2  ;
  182 0000014E EBA0 0101       SUB              R1, R0, R1  ;
  183 00000152 9102            STR              R1, [SP, #Digit2] ;
  184 00000154 4618            MOV              R0, R3      ;
  185 00000156         
  186 00000156 FBB0 F3F2       UDIV             R3, R0, R2  ;
  187 0000015A FB03 F102       MUL              R1, R3, R2  ;
  188 0000015E EBA0 0101       SUB              R1, R0, R1  ;
  189 00000162 9101            STR              R1, [SP, #Digit1] ;
  190 00000164 4618            MOV              R0, R3      ;
  191 00000166         
  192 00000166 FBB0 F3F2       UDIV             R3, R0, R2  ;
  193 0000016A FB03 F102       MUL              R1, R3, R2  ;
  194 0000016E EBA0 0101       SUB              R1, R0, R1  ;
  195 00000172 9100            STR              R1, [SP, #Digit0] ;
  196 00000174 4618            MOV              R0, R3      ;
  197 00000176         
  198 00000176         popfp
  199 00000176 9800            LDR              R0, [SP, #Digit0] ; 
  200 00000178 F100 0030       ADD              R0, R0, #0x30 ; 
  201 0000017C F7FF FFFE       BL               ST7735_OutChar ;
  202 00000180         
  203 00000180 F04F 002E       MOV              R0, #0X2E   ;
  204 00000184 F7FF FFFE       BL               ST7735_OutChar ;
  205 00000188         
  206 00000188 9801            LDR              R0, [SP, #Digit1] ; 
  207 0000018A F100 0030       ADD              R0, R0, #0x30 ; 
  208 0000018E F7FF FFFE       BL               ST7735_OutChar ;
  209 00000192         
  210 00000192 9802            LDR              R0, [SP, #Digit2] ; 
  211 00000194 F100 0030       ADD              R0, R0, #0x30 ; 
  212 00000198 F7FF FFFE       BL               ST7735_OutChar ;
  213 0000019C         
  214 0000019C 9803            LDR              R0, [SP, #Digit3] ; 



ARM Macro Assembler    Page 5 


  215 0000019E F100 0030       ADD              R0, R0, #0x30 ; 
  216 000001A2         ;BL ST7735_OutChar;
  217 000001A2 E00F            B                returnfp
  218 000001A4         
  219 000001A4         error
  220 000001A4 F04F 002A       MOV              R0, #0X2A   ;
  221 000001A8 F7FF FFFE       BL               ST7735_OutChar ;
  222 000001AC F04F 002E       MOV              R0, #0X2E   ;
  223 000001B0 F7FF FFFE       BL               ST7735_OutChar ;
  224 000001B4 F04F 002A       MOV              R0, #0X2A   ;
  225 000001B8 F7FF FFFE       BL               ST7735_OutChar ;
  226 000001BC F04F 002A       MOV              R0, #0X2A   ;
  227 000001C0 F7FF FFFE       BL               ST7735_OutChar ;
  228 000001C4         
  229 000001C4         
  230 000001C4         returnfp
  231 000001C4 B004            ADD              SP, SP, #16 ;
  232 000001C6 E8BD 4FF8       POP              {R3-R11, LR}
  233 000001CA 4770            BX               LR
  234 000001CC         ;* * * * * * * * End of LCD_OutFix * * * * * * * *
  235 000001CC         
  236 000001CC                 ALIGN                        ; make sure the end
                                                             of this section is
                                                             aligned
  237 000001CC                 END                          ; end of file
Command Line: --debug --xref --diag_suppress=9931 --cpu=Cortex-M4 --apcs=interw
ork --depend=.\print.d -o.\print.o -I.\RTE\_Lab9 -IC:\Users\zakky\Documents\319
k\ARM\CMSIS\5.5.1\CMSIS\Core\Include -IC:\Users\zakky\Documents\319k\Keil\TM4C_
DFP\1.1.0\Device\Include\TM4C123 --predefine="__EVAL SETA 1" --predefine="__UVI
SION_VERSION SETA 528" --predefine="_RTE_ SETA 1" --predefine="TM4C123GH6PM SET
A 1" --list=.\print.lst Print.s



ARM Macro Assembler    Page 1 Alphabetic symbol ordering
Relocatable symbols

.text 00000000

Symbol: .text
   Definitions
      At line 26 in file Print.s
   Uses
      None
Comment: .text unused
LCD_OutDec 00000000

Symbol: LCD_OutDec
   Definitions
      At line 34 in file Print.s
   Uses
      At line 23 in file Print.s
Comment: LCD_OutDec used once
LCD_OutFix 0000012A

Symbol: LCD_OutFix
   Definitions
      At line 167 in file Print.s
   Uses
      At line 24 in file Print.s
Comment: LCD_OutFix used once
error 000001A4

Symbol: error
   Definitions
      At line 219 in file Print.s
   Uses
      At line 177 in file Print.s
Comment: error used once
popdata 000000FE

Symbol: popdata
   Definitions
      At line 131 in file Print.s
   Uses
      At line 48 in file Print.s
      At line 57 in file Print.s
      At line 66 in file Print.s
      At line 75 in file Print.s
      At line 84 in file Print.s
      At line 93 in file Print.s
      At line 102 in file Print.s
      At line 111 in file Print.s
      At line 120 in file Print.s
      At line 129 in file Print.s

popfp 00000176

Symbol: popfp
   Definitions
      At line 198 in file Print.s
   Uses
      None
Comment: popfp unused
return 00000122




ARM Macro Assembler    Page 2 Alphabetic symbol ordering
Relocatable symbols

Symbol: return
   Definitions
      At line 145 in file Print.s
   Uses
      None
Comment: return unused
returnfp 000001C4

Symbol: returnfp
   Definitions
      At line 230 in file Print.s
   Uses
      At line 217 in file Print.s
Comment: returnfp used once
startpopdec 00000102

Symbol: startpopdec
   Definitions
      At line 133 in file Print.s
   Uses
      At line 142 in file Print.s
Comment: startpopdec used once
9 symbols



ARM Macro Assembler    Page 1 Alphabetic symbol ordering
Absolute symbols

Digit0 00000000

Symbol: Digit0
   Definitions
      At line 11 in file Print.s
   Uses
      At line 44 in file Print.s
      At line 195 in file Print.s
      At line 199 in file Print.s

Digit1 00000004

Symbol: Digit1
   Definitions
      At line 12 in file Print.s
   Uses
      At line 53 in file Print.s
      At line 189 in file Print.s
      At line 206 in file Print.s

Digit2 00000008

Symbol: Digit2
   Definitions
      At line 13 in file Print.s
   Uses
      At line 62 in file Print.s
      At line 183 in file Print.s
      At line 210 in file Print.s

Digit3 0000000C

Symbol: Digit3
   Definitions
      At line 14 in file Print.s
   Uses
      At line 71 in file Print.s
      At line 214 in file Print.s

Digit4 00000010

Symbol: Digit4
   Definitions
      At line 15 in file Print.s
   Uses
      At line 80 in file Print.s
Comment: Digit4 used once
Digit5 00000014

Symbol: Digit5
   Definitions
      At line 16 in file Print.s
   Uses
      At line 89 in file Print.s
Comment: Digit5 used once
Digit6 00000018

Symbol: Digit6
   Definitions



ARM Macro Assembler    Page 2 Alphabetic symbol ordering
Absolute symbols

      At line 17 in file Print.s
   Uses
      At line 98 in file Print.s
Comment: Digit6 used once
Digit7 0000001C

Symbol: Digit7
   Definitions
      At line 18 in file Print.s
   Uses
      At line 107 in file Print.s
Comment: Digit7 used once
Digit8 00000020

Symbol: Digit8
   Definitions
      At line 19 in file Print.s
   Uses
      At line 116 in file Print.s
Comment: Digit8 used once
Digit9 00000024

Symbol: Digit9
   Definitions
      At line 20 in file Print.s
   Uses
      At line 125 in file Print.s
Comment: Digit9 used once
10 symbols



ARM Macro Assembler    Page 1 Alphabetic symbol ordering
External symbols

ST7735_OutChar 00000000

Symbol: ST7735_OutChar
   Definitions
      At line 21 in file Print.s
   Uses
      At line 138 in file Print.s
      At line 201 in file Print.s
      At line 204 in file Print.s
      At line 208 in file Print.s
      At line 212 in file Print.s
      At line 221 in file Print.s
      At line 223 in file Print.s
      At line 225 in file Print.s
      At line 227 in file Print.s

ST7735_OutString 00000000

Symbol: ST7735_OutString
   Definitions
      At line 22 in file Print.s
   Uses
      None
Comment: ST7735_OutString unused
2 symbols
355 symbols in table
